======================================================================
PARALLEL COMPUTING LABORATORY BENCHMARK LOG (LABS 1–3)
Student: Ruslan Ussen | ID: 230103026
Host CPU: AMD Ryzen 7 7435HS (8 Physical Cores / 16 SMT Threads)
OS: Windows 11 Pro for Workstations
Timestamp: 2026-09-24 15:17:46
======================================================================

>>> EXECUTING lab1/lab1.py...
=== Task 1.1: Verification of Non-Determinism ===
Completed run 1/10
Completed run 2/10
Completed run 3/10
Completed run 4/10
Completed run 5/10
Completed run 6/10
Completed run 7/10
Completed run 8/10
Completed run 9/10
Completed run 10/10
Task 1.1 output saved to C:\Users\rusla\CSS-314---10.09.2026\Week 4\practice\lab1\task1_1_nondeterminism.txt

=== Task 1.2: Thread Oversubscription Sweep ===
Threads (P) Mean Time (ms)  Min Time (ms)   Max Time (ms)   
------------------------------------------------------------
1           0.228           0.161           0.298           
2           0.261           0.230           0.306           
4           0.402           0.372           0.464           
8           0.546           0.510           0.565           
16          1.057           0.966           1.217           
32          1.907           1.737           2.099           
64          4.168           3.978           4.367           
Task 1.2 sweep saved to C:\Users\rusla\CSS-314---10.09.2026\Week 4\practice\lab1\task1_2_oversubscription.csv

=== Task 1.3: CPU Core Saturation Analysis ===
Threads (P) Workload/Thread   Wall Time (s)   
--------------------------------------------------
1           2000000           0.1434          
2           2000000           0.3417          
4           2000000           0.5922          
8           2000000           1.2312          
16          2000000           2.5956          
32          2000000           5.0769          
64          2000000           10.0627         
Task 1.3 workload benchmark saved to C:\Users\rusla\CSS-314---10.09.2026\Week 4\practice\lab1\task1_3_saturation.csv
>>> Finished lab1/lab1.py in 20.18s (Exit Code: 0)

----------------------------------------------------------------------

>>> EXECUTING lab2/lab2.py...
==================================================
 LAB 2: NUMERICAL INTEGRATION & REDUCTIONS
==================================================

--- Task 2.1: Race Condition Quantification ---
Threads (P) Computed Pi       Absolute Error    Time (s)    
------------------------------------------------------------
1           3.1415926536      2.89e-14          0.7662      
2           1.2870022176      1.85e+00          0.0011      
4           0.8746757835      2.27e+00          0.0008      
8           0.3013155633      2.84e+00          0.0008      

--- Task 2.2: Critical Section Overhead ---
Single-thread Baseline (no lock): 0.0388 s | Pi: 3.1415926536
Critical Section (P=1): 0.1538 s | Overhead: +296.1% | Pi: 3.1415926536
Critical Section (P=2): 0.1358 s | Overhead: +249.6% | Pi: 3.1415926536
Critical Section (P=4): 0.1396 s | Overhead: +259.5% | Pi: 3.1415926536

--- Task 2.3 & 2.4: Strong Scaling Benchmark (Numba Reduction) ---
Serial Baseline N=100,000,000: 0.1085 s (Pi=3.1415926536)
Threads (P) T_avg (s)     Speedup S(P)    Efficiency E(P) 
------------------------------------------------------------
1           0.1170        1.00            x100.0          %
2           0.0617        1.90            x94.8           %
4           0.0502        2.33            x58.2           %
8           0.0355        3.30            x41.2           %
16          0.0270        4.34            x27.1           %
Speedup plot saved to C:\Users\rusla\CSS-314---10.09.2026\Week 4\practice\lab2\speedup_plot.png
>>> Finished lab2/lab2.py in 4.91s (Exit Code: 0)

----------------------------------------------------------------------

>>> EXECUTING lab3/lab3.py...
==================================================
 LAB 3: WORK-SHARING & LOOP SCHEDULING (MANDELBROT)
==================================================

--- Task 3.2: 4x4 Parameter Sweep Matrix (Dynamic Scheduling) ---
Threads (P) Chunk (C)   Run 1 (s)   Run 2 (s)   Run 3 (s)   Mean (s)    
------------------------------------------------------------------------
2           1           0.2470      0.2521      0.2478      0.2490      
2           16          0.2459      0.2450      0.2457      0.2455      
2           64          0.2563      0.2556      0.2554      0.2558      
2           256         0.2958      0.2967      0.2973      0.2966      
4           1           0.1257      0.1261      0.1288      0.1268      
4           16          0.1290      0.1256      0.1249      0.1265      
4           64          0.1338      0.1342      0.1339      0.1340      
4           256         0.2971      0.2955      0.2967      0.2964      
8           1           0.0763      0.0786      0.0784      0.0777      
8           16          0.0757      0.0798      0.0787      0.0781      
8           64          0.1267      0.1267      0.1282      0.1272      
8           256         0.2975      0.2972      0.2958      0.2968      
16          1           0.0457      0.0460      0.0457      0.0458      
16          16          0.0507      0.0499      0.0496      0.0500      
16          64          0.1257      0.1254      0.1255      0.1255      
16          256         0.2964      0.2978      0.2966      0.2970      

Parameter sweep data saved to C:\Users\rusla\CSS-314---10.09.2026\Week 4\practice\lab3\task3_sweep.csv

--- Task 3.3: Generating 2D Performance Heatmap ---
Heatmap saved to C:\Users\rusla\CSS-314---10.09.2026\Week 4\practice\lab3\heatmap_plot.png

--- Task 3.4: Load Imbalance Quantification (P=8 Physical Cores) ---
Static (Block):  Time = 0.2036s | Imbalance Metric = 3.2622 (Max=83,203,218, Min=376,037)
Dynamic (C=16):  Time = 0.0796s | Imbalance Metric = 0.4782 (Max=31,862,596, Min=19,721,618)
Load Imbalance Reduction: 85.3%
Imbalance metrics saved to C:\Users\rusla\CSS-314---10.09.2026\Week 4\practice\lab3\task3_imbalance.csv
>>> Finished lab3/lab3.py in 10.66s (Exit Code: 0)

----------------------------------------------------------------------
======================================================================
ALL 3 LABS COMPLETED SUCCESSFULLY IN 35.76 SECONDS!
Log written to: C:\Users\rusla\CSS-314---10.09.2026\Week 4\practice\results_230103026.log
======================================================================
